Archive member included to satisfy reference by file (symbol)

/opt/gcc-arm-none-eabi-7-2018-q2-update/bin/../lib/gcc/arm-none-eabi/7.3.1/../../../../arm-none-eabi/lib/thumb/v7e-m/libc.a(lib_a-reent.o)
                              build/Debug/GNU_1-Linux/Source/newlib_stubs.o (errno)
/opt/gcc-arm-none-eabi-7-2018-q2-update/bin/../lib/gcc/arm-none-eabi/7.3.1/../../../../arm-none-eabi/lib/thumb/v7e-m/libc.a(lib_a-freer.o)
                              /opt/gcc-arm-none-eabi-7-2018-q2-update/bin/../lib/gcc/arm-none-eabi/7.3.1/../../../../arm-none-eabi/lib/thumb/v7e-m/libc.a(lib_a-reent.o) (_free_r)
/opt/gcc-arm-none-eabi-7-2018-q2-update/bin/../lib/gcc/arm-none-eabi/7.3.1/../../../../arm-none-eabi/lib/thumb/v7e-m/libc.a(lib_a-impure.o)
                              /opt/gcc-arm-none-eabi-7-2018-q2-update/bin/../lib/gcc/arm-none-eabi/7.3.1/../../../../arm-none-eabi/lib/thumb/v7e-m/libc.a(lib_a-reent.o) (_impure_ptr)
/opt/gcc-arm-none-eabi-7-2018-q2-update/bin/../lib/gcc/arm-none-eabi/7.3.1/../../../../arm-none-eabi/lib/thumb/v7e-m/libc.a(lib_a-mallocr.o)
                              /opt/gcc-arm-none-eabi-7-2018-q2-update/bin/../lib/gcc/arm-none-eabi/7.3.1/../../../../arm-none-eabi/lib/thumb/v7e-m/libc.a(lib_a-freer.o) (__malloc_current_mallinfo)
/opt/gcc-arm-none-eabi-7-2018-q2-update/bin/../lib/gcc/arm-none-eabi/7.3.1/../../../../arm-none-eabi/lib/thumb/v7e-m/libc.a(lib_a-mlock.o)
                              /opt/gcc-arm-none-eabi-7-2018-q2-update/bin/../lib/gcc/arm-none-eabi/7.3.1/../../../../arm-none-eabi/lib/thumb/v7e-m/libc.a(lib_a-freer.o) (__malloc_lock)
/opt/gcc-arm-none-eabi-7-2018-q2-update/bin/../lib/gcc/arm-none-eabi/7.3.1/../../../../arm-none-eabi/lib/thumb/v7e-m/libc.a(lib_a-sbrkr.o)
                              /opt/gcc-arm-none-eabi-7-2018-q2-update/bin/../lib/gcc/arm-none-eabi/7.3.1/../../../../arm-none-eabi/lib/thumb/v7e-m/libc.a(lib_a-freer.o) (_sbrk_r)
/opt/gcc-arm-none-eabi-7-2018-q2-update/bin/../lib/gcc/arm-none-eabi/7.3.1/../../../../arm-none-eabi/lib/thumb/v7e-m/libc.a(lib_a-lock.o)
                              /opt/gcc-arm-none-eabi-7-2018-q2-update/bin/../lib/gcc/arm-none-eabi/7.3.1/../../../../arm-none-eabi/lib/thumb/v7e-m/libc.a(lib_a-mlock.o) (__retarget_lock_acquire_recursive)

Allocating common symbols
Common symbol       size              file

__lock___atexit_recursive_mutex
                    0x1               /opt/gcc-arm-none-eabi-7-2018-q2-update/bin/../lib/gcc/arm-none-eabi/7.3.1/../../../../arm-none-eabi/lib/thumb/v7e-m/libc.a(lib_a-lock.o)
__lock___arc4random_mutex
                    0x1               /opt/gcc-arm-none-eabi-7-2018-q2-update/bin/../lib/gcc/arm-none-eabi/7.3.1/../../../../arm-none-eabi/lib/thumb/v7e-m/libc.a(lib_a-lock.o)
errno               0x4               /opt/gcc-arm-none-eabi-7-2018-q2-update/bin/../lib/gcc/arm-none-eabi/7.3.1/../../../../arm-none-eabi/lib/thumb/v7e-m/libc.a(lib_a-reent.o)
__lock___env_recursive_mutex
                    0x1               /opt/gcc-arm-none-eabi-7-2018-q2-update/bin/../lib/gcc/arm-none-eabi/7.3.1/../../../../arm-none-eabi/lib/thumb/v7e-m/libc.a(lib_a-lock.o)
__lock___sinit_recursive_mutex
                    0x1               /opt/gcc-arm-none-eabi-7-2018-q2-update/bin/../lib/gcc/arm-none-eabi/7.3.1/../../../../arm-none-eabi/lib/thumb/v7e-m/libc.a(lib_a-lock.o)
__lock___malloc_recursive_mutex
                    0x1               /opt/gcc-arm-none-eabi-7-2018-q2-update/bin/../lib/gcc/arm-none-eabi/7.3.1/../../../../arm-none-eabi/lib/thumb/v7e-m/libc.a(lib_a-lock.o)
i                   0x4               build/Debug/GNU_1-Linux/main.o
capture_channel     0x14              build/Debug/GNU_1-Linux/main.o
test_coil_1         0x30              build/Debug/GNU_1-Linux/main.o
test_coil_2         0x30              build/Debug/GNU_1-Linux/main.o
__lock___at_quick_exit_mutex
                    0x1               /opt/gcc-arm-none-eabi-7-2018-q2-update/bin/../lib/gcc/arm-none-eabi/7.3.1/../../../../arm-none-eabi/lib/thumb/v7e-m/libc.a(lib_a-lock.o)
__lock___dd_hash_mutex
                    0x1               /opt/gcc-arm-none-eabi-7-2018-q2-update/bin/../lib/gcc/arm-none-eabi/7.3.1/../../../../arm-none-eabi/lib/thumb/v7e-m/libc.a(lib_a-lock.o)
__lock___tz_mutex   0x1               /opt/gcc-arm-none-eabi-7-2018-q2-update/bin/../lib/gcc/arm-none-eabi/7.3.1/../../../../arm-none-eabi/lib/thumb/v7e-m/libc.a(lib_a-lock.o)
ecu_test            0x188             build/Debug/GNU_1-Linux/main.o
__lock___sfp_recursive_mutex
                    0x1               /opt/gcc-arm-none-eabi-7-2018-q2-update/bin/../lib/gcc/arm-none-eabi/7.3.1/../../../../arm-none-eabi/lib/thumb/v7e-m/libc.a(lib_a-lock.o)

Discarded input sections

 .text          0x0000000000000000        0x0 build/Debug/GNU_1-Linux/Source/ecu_base.o
 .data          0x0000000000000000        0x0 build/Debug/GNU_1-Linux/Source/ecu_base.o
 .bss           0x0000000000000000        0x0 build/Debug/GNU_1-Linux/Source/ecu_base.o
 .text.ecu_crank_capture_write
                0x0000000000000000       0x28 build/Debug/GNU_1-Linux/Source/ecu_base.o
 .text.ecu_crank_capture_read
                0x0000000000000000       0x22 build/Debug/GNU_1-Linux/Source/ecu_base.o
 .text.ecu_crank_period_write
                0x0000000000000000       0x26 build/Debug/GNU_1-Linux/Source/ecu_base.o
 .text.ecu_crank_period_read
                0x0000000000000000       0x20 build/Debug/GNU_1-Linux/Source/ecu_base.o
 .text.ecu_crank_angle_write
                0x0000000000000000       0x26 build/Debug/GNU_1-Linux/Source/ecu_base.o
 .text.ecu_crank_angle_read
                0x0000000000000000       0x20 build/Debug/GNU_1-Linux/Source/ecu_base.o
 .text.ecu_crank_vr_numb_normalization
                0x0000000000000000       0x36 build/Debug/GNU_1-Linux/Source/ecu_base.o
 .text.ecu_crank_counter
                0x0000000000000000       0x36 build/Debug/GNU_1-Linux/Source/ecu_base.o
 .text.ecu_it_handler
                0x0000000000000000       0x22 build/Debug/GNU_1-Linux/Source/ecu_base.o
 .debug_info    0x0000000000000000      0x3e0 build/Debug/GNU_1-Linux/Source/ecu_base.o
 .debug_abbrev  0x0000000000000000      0x15f build/Debug/GNU_1-Linux/Source/ecu_base.o
 .debug_aranges
                0x0000000000000000       0x60 build/Debug/GNU_1-Linux/Source/ecu_base.o
 .debug_ranges  0x0000000000000000       0x50 build/Debug/GNU_1-Linux/Source/ecu_base.o
 .debug_line    0x0000000000000000      0x206 build/Debug/GNU_1-Linux/Source/ecu_base.o
 .debug_str     0x0000000000000000      0x343 build/Debug/GNU_1-Linux/Source/ecu_base.o
 .comment       0x0000000000000000       0x80 build/Debug/GNU_1-Linux/Source/ecu_base.o
 .debug_frame   0x0000000000000000      0x174 build/Debug/GNU_1-Linux/Source/ecu_base.o
 .text          0x0000000000000000        0x0 build/Debug/GNU_1-Linux/Source/ecu_capture.o
 .data          0x0000000000000000        0x0 build/Debug/GNU_1-Linux/Source/ecu_capture.o
 .bss           0x0000000000000000        0x0 build/Debug/GNU_1-Linux/Source/ecu_capture.o
 .text.NVIC_EnableIRQ
                0x0000000000000000       0x30 build/Debug/GNU_1-Linux/Source/ecu_capture.o
 .rodata.crank_tooth_angle
                0x0000000000000000       0x74 build/Debug/GNU_1-Linux/Source/ecu_capture.o
 .text.ecu_capture_timer_init
                0x0000000000000000       0x90 build/Debug/GNU_1-Linux/Source/ecu_capture.o
 .text.ecu_crank_capture_handler
                0x0000000000000000       0x6a build/Debug/GNU_1-Linux/Source/ecu_capture.o
 .text.ecu_crank_capture_init
                0x0000000000000000       0x3c build/Debug/GNU_1-Linux/Source/ecu_capture.o
 .debug_info    0x0000000000000000      0x826 build/Debug/GNU_1-Linux/Source/ecu_capture.o
 .debug_abbrev  0x0000000000000000      0x1f3 build/Debug/GNU_1-Linux/Source/ecu_capture.o
 .debug_aranges
                0x0000000000000000       0x38 build/Debug/GNU_1-Linux/Source/ecu_capture.o
 .debug_ranges  0x0000000000000000       0x28 build/Debug/GNU_1-Linux/Source/ecu_capture.o
 .debug_line    0x0000000000000000      0x1ee build/Debug/GNU_1-Linux/Source/ecu_capture.o
 .debug_str     0x0000000000000000      0x8fa build/Debug/GNU_1-Linux/Source/ecu_capture.o
 .comment       0x0000000000000000       0x80 build/Debug/GNU_1-Linux/Source/ecu_capture.o
 .debug_frame   0x0000000000000000       0x9c build/Debug/GNU_1-Linux/Source/ecu_capture.o
 .text          0x0000000000000000        0x0 build/Debug/GNU_1-Linux/Source/ecu_compare.o
 .data          0x0000000000000000        0x0 build/Debug/GNU_1-Linux/Source/ecu_compare.o
 .bss           0x0000000000000000        0x0 build/Debug/GNU_1-Linux/Source/ecu_compare.o
 .text.crank_gap_correct_check
                0x0000000000000000       0x40 build/Debug/GNU_1-Linux/Source/ecu_compare.o
 .text.crank_gap_one_to_much_check
                0x0000000000000000       0x2c build/Debug/GNU_1-Linux/Source/ecu_compare.o
 .text.crank_gap_one_missing_check
                0x0000000000000000       0x2c build/Debug/GNU_1-Linux/Source/ecu_compare.o
 .debug_info    0x0000000000000000      0x12a build/Debug/GNU_1-Linux/Source/ecu_compare.o
 .debug_abbrev  0x0000000000000000       0x7c build/Debug/GNU_1-Linux/Source/ecu_compare.o
 .debug_aranges
                0x0000000000000000       0x30 build/Debug/GNU_1-Linux/Source/ecu_compare.o
 .debug_ranges  0x0000000000000000       0x20 build/Debug/GNU_1-Linux/Source/ecu_compare.o
 .debug_line    0x0000000000000000       0xda build/Debug/GNU_1-Linux/Source/ecu_compare.o
 .debug_str     0x0000000000000000      0x1f2 build/Debug/GNU_1-Linux/Source/ecu_compare.o
 .comment       0x0000000000000000       0x80 build/Debug/GNU_1-Linux/Source/ecu_compare.o
 .debug_frame   0x0000000000000000       0x88 build/Debug/GNU_1-Linux/Source/ecu_compare.o
 .text          0x0000000000000000        0x0 build/Debug/GNU_1-Linux/Source/ecu_maths.o
 .data          0x0000000000000000        0x0 build/Debug/GNU_1-Linux/Source/ecu_maths.o
 .bss           0x0000000000000000        0x0 build/Debug/GNU_1-Linux/Source/ecu_maths.o
 .text.ecu_crank_period_calc
                0x0000000000000000       0x2e build/Debug/GNU_1-Linux/Source/ecu_maths.o
 .debug_info    0x0000000000000000      0x24b build/Debug/GNU_1-Linux/Source/ecu_maths.o
 .debug_abbrev  0x0000000000000000      0x122 build/Debug/GNU_1-Linux/Source/ecu_maths.o
 .debug_aranges
                0x0000000000000000       0x20 build/Debug/GNU_1-Linux/Source/ecu_maths.o
 .debug_ranges  0x0000000000000000       0x10 build/Debug/GNU_1-Linux/Source/ecu_maths.o
 .debug_line    0x0000000000000000      0x17a build/Debug/GNU_1-Linux/Source/ecu_maths.o
 .debug_str     0x0000000000000000      0x293 build/Debug/GNU_1-Linux/Source/ecu_maths.o
 .comment       0x0000000000000000       0x80 build/Debug/GNU_1-Linux/Source/ecu_maths.o
 .debug_frame   0x0000000000000000       0x34 build/Debug/GNU_1-Linux/Source/ecu_maths.o
 .text          0x0000000000000000        0x0 build/Debug/GNU_1-Linux/Source/ecu_sync.o
 .data          0x0000000000000000        0x0 build/Debug/GNU_1-Linux/Source/ecu_sync.o
 .bss           0x0000000000000000        0x0 build/Debug/GNU_1-Linux/Source/ecu_sync.o
 .rodata.crank_tooth_angle
                0x0000000000000000       0x74 build/Debug/GNU_1-Linux/Source/ecu_sync.o
 .text.ecu_crank_angle_sync
                0x0000000000000000       0x6c build/Debug/GNU_1-Linux/Source/ecu_sync.o
 .text.ecu_crank_gap_search
                0x0000000000000000       0xa6 build/Debug/GNU_1-Linux/Source/ecu_sync.o
 .debug_info    0x0000000000000000      0x2f0 build/Debug/GNU_1-Linux/Source/ecu_sync.o
 .debug_abbrev  0x0000000000000000      0x139 build/Debug/GNU_1-Linux/Source/ecu_sync.o
 .debug_aranges
                0x0000000000000000       0x28 build/Debug/GNU_1-Linux/Source/ecu_sync.o
 .debug_ranges  0x0000000000000000       0x18 build/Debug/GNU_1-Linux/Source/ecu_sync.o
 .debug_line    0x0000000000000000      0x1be build/Debug/GNU_1-Linux/Source/ecu_sync.o
 .debug_str     0x0000000000000000      0x2e3 build/Debug/GNU_1-Linux/Source/ecu_sync.o
 .comment       0x0000000000000000       0x80 build/Debug/GNU_1-Linux/Source/ecu_sync.o
 .debug_frame   0x0000000000000000       0x5c build/Debug/GNU_1-Linux/Source/ecu_sync.o
 .text          0x0000000000000000        0x0 build/Debug/GNU_1-Linux/Source/newlib_stubs.o
 .data          0x0000000000000000        0x0 build/Debug/GNU_1-Linux/Source/newlib_stubs.o
 .bss           0x0000000000000000        0x0 build/Debug/GNU_1-Linux/Source/newlib_stubs.o
 .bss.__env     0x0000000000000000        0x4 build/Debug/GNU_1-Linux/Source/newlib_stubs.o
 .data.environ  0x0000000000000000        0x4 build/Debug/GNU_1-Linux/Source/newlib_stubs.o
 .text._exit    0x0000000000000000        0xa build/Debug/GNU_1-Linux/Source/newlib_stubs.o
 .text._close   0x0000000000000000       0x16 build/Debug/GNU_1-Linux/Source/newlib_stubs.o
 .text._execve  0x0000000000000000       0x24 build/Debug/GNU_1-Linux/Source/newlib_stubs.o
 .text._fork    0x0000000000000000       0x1c build/Debug/GNU_1-Linux/Source/newlib_stubs.o
 .text._fstat   0x0000000000000000       0x1e build/Debug/GNU_1-Linux/Source/newlib_stubs.o
 .text._getpid  0x0000000000000000        0xe build/Debug/GNU_1-Linux/Source/newlib_stubs.o
 .text._isatty  0x0000000000000000       0x2c build/Debug/GNU_1-Linux/Source/newlib_stubs.o
 .text._kill    0x0000000000000000       0x24 build/Debug/GNU_1-Linux/Source/newlib_stubs.o
 .text._link    0x0000000000000000       0x24 build/Debug/GNU_1-Linux/Source/newlib_stubs.o
 .text._lseek   0x0000000000000000       0x18 build/Debug/GNU_1-Linux/Source/newlib_stubs.o
 .bss.heap_end.5993
                0x0000000000000000        0x4 build/Debug/GNU_1-Linux/Source/newlib_stubs.o
 .rodata        0x0000000000000000       0x1a build/Debug/GNU_1-Linux/Source/newlib_stubs.o
 .text._sbrk    0x0000000000000000       0x70 build/Debug/GNU_1-Linux/Source/newlib_stubs.o
 .text._read    0x0000000000000000       0x28 build/Debug/GNU_1-Linux/Source/newlib_stubs.o
 .text._stat    0x0000000000000000       0x1e build/Debug/GNU_1-Linux/Source/newlib_stubs.o
 .text._times   0x0000000000000000       0x16 build/Debug/GNU_1-Linux/Source/newlib_stubs.o
 .text._unlink  0x0000000000000000       0x20 build/Debug/GNU_1-Linux/Source/newlib_stubs.o
 .text._wait    0x0000000000000000       0x20 build/Debug/GNU_1-Linux/Source/newlib_stubs.o
 .text._write   0x0000000000000000       0x24 build/Debug/GNU_1-Linux/Source/newlib_stubs.o
 .debug_info    0x0000000000000000      0xf87 build/Debug/GNU_1-Linux/Source/newlib_stubs.o
 .debug_abbrev  0x0000000000000000      0x2ac build/Debug/GNU_1-Linux/Source/newlib_stubs.o
 .debug_aranges
                0x0000000000000000       0xa0 build/Debug/GNU_1-Linux/Source/newlib_stubs.o
 .debug_ranges  0x0000000000000000       0x90 build/Debug/GNU_1-Linux/Source/newlib_stubs.o
 .debug_line    0x0000000000000000      0x3fd build/Debug/GNU_1-Linux/Source/newlib_stubs.o
 .debug_str     0x0000000000000000      0x84d build/Debug/GNU_1-Linux/Source/newlib_stubs.o
 .comment       0x0000000000000000       0x80 build/Debug/GNU_1-Linux/Source/newlib_stubs.o
 .debug_frame   0x0000000000000000      0x29c build/Debug/GNU_1-Linux/Source/newlib_stubs.o
 .text          0x0000000000000000        0x0 build/Debug/GNU_1-Linux/Source/timer_ch_it.o
 .data          0x0000000000000000        0x0 build/Debug/GNU_1-Linux/Source/timer_ch_it.o
 .bss           0x0000000000000000        0x0 build/Debug/GNU_1-Linux/Source/timer_ch_it.o
 .text.timer_ch_it_init
                0x0000000000000000       0x94 build/Debug/GNU_1-Linux/Source/timer_ch_it.o
 .text.timer_ch_it_handler
                0x0000000000000000       0x6a build/Debug/GNU_1-Linux/Source/timer_ch_it.o
 .text.timer_ch_it_enable
                0x0000000000000000       0x3c build/Debug/GNU_1-Linux/Source/timer_ch_it.o
 .text.timer_ch_it_disable
                0x0000000000000000       0x28 build/Debug/GNU_1-Linux/Source/timer_ch_it.o
 .text.timer_ch_ccr_read
                0x0000000000000000       0x1a build/Debug/GNU_1-Linux/Source/timer_ch_it.o
 .text.timer_ch_ccr_write
                0x0000000000000000       0x1e build/Debug/GNU_1-Linux/Source/timer_ch_it.o
 .text.timer_ch_event_set
                0x0000000000000000       0x1a build/Debug/GNU_1-Linux/Source/timer_ch_it.o
 .debug_info    0x0000000000000000      0x4b0 build/Debug/GNU_1-Linux/Source/timer_ch_it.o
 .debug_abbrev  0x0000000000000000      0x158 build/Debug/GNU_1-Linux/Source/timer_ch_it.o
 .debug_aranges
                0x0000000000000000       0x50 build/Debug/GNU_1-Linux/Source/timer_ch_it.o
 .debug_ranges  0x0000000000000000       0x40 build/Debug/GNU_1-Linux/Source/timer_ch_it.o
 .debug_line    0x0000000000000000      0x20b build/Debug/GNU_1-Linux/Source/timer_ch_it.o
 .debug_str     0x0000000000000000      0x386 build/Debug/GNU_1-Linux/Source/timer_ch_it.o
 .comment       0x0000000000000000       0x80 build/Debug/GNU_1-Linux/Source/timer_ch_it.o
 .debug_frame   0x0000000000000000      0x124 build/Debug/GNU_1-Linux/Source/timer_ch_it.o
 .text          0x0000000000000000        0x0 build/Debug/GNU_1-Linux/main.o
 .data          0x0000000000000000        0x0 build/Debug/GNU_1-Linux/main.o
 .bss           0x0000000000000000        0x0 build/Debug/GNU_1-Linux/main.o
 .text.NVIC_EnableIRQ
                0x0000000000000000       0x30 build/Debug/GNU_1-Linux/main.o
 .text.rcc_init
                0x0000000000000000       0x4c build/Debug/GNU_1-Linux/main.o
 .text.gpio_led_init
                0x0000000000000000       0x70 build/Debug/GNU_1-Linux/main.o
 .text.gpio_usart_init
                0x0000000000000000       0x70 build/Debug/GNU_1-Linux/main.o
 .text.gpio_master_timer_init
                0x0000000000000000       0x58 build/Debug/GNU_1-Linux/main.o
 .text.slave_3_timer_init
                0x0000000000000000       0x60 build/Debug/GNU_1-Linux/main.o
 .text.slave_4_timer_init
                0x0000000000000000       0x60 build/Debug/GNU_1-Linux/main.o
 .rodata.crank_tooth_angle
                0x0000000000000000       0x74 build/Debug/GNU_1-Linux/main.o
 .text.coil_1_test_on
                0x0000000000000000       0x20 build/Debug/GNU_1-Linux/main.o
 .text.coil_1_test_off
                0x0000000000000000       0x20 build/Debug/GNU_1-Linux/main.o
 .text.coil_2_test_on
                0x0000000000000000       0x20 build/Debug/GNU_1-Linux/main.o
 .text.coil_2_test_off
                0x0000000000000000       0x20 build/Debug/GNU_1-Linux/main.o
 .text.ecu_crank_capture_handler_callback
                0x0000000000000000       0x1c build/Debug/GNU_1-Linux/main.o
 .text.TIM1_CC_IRQHandler
                0x0000000000000000       0x14 build/Debug/GNU_1-Linux/main.o
 .text.ecu_init
                0x0000000000000000       0x34 build/Debug/GNU_1-Linux/main.o
 .text.delay_1s
                0x0000000000000000       0x2c build/Debug/GNU_1-Linux/main.o
 .text.main     0x0000000000000000       0x34 build/Debug/GNU_1-Linux/main.o
 .debug_info    0x0000000000000000     0x1469 build/Debug/GNU_1-Linux/main.o
 .debug_abbrev  0x0000000000000000      0x309 build/Debug/GNU_1-Linux/main.o
 .debug_aranges
                0x0000000000000000       0x98 build/Debug/GNU_1-Linux/main.o
 .debug_ranges  0x0000000000000000       0x88 build/Debug/GNU_1-Linux/main.o
 .debug_line    0x0000000000000000      0x372 build/Debug/GNU_1-Linux/main.o
 .debug_str     0x0000000000000000      0xef1 build/Debug/GNU_1-Linux/main.o
 .comment       0x0000000000000000       0x80 build/Debug/GNU_1-Linux/main.o
 .debug_frame   0x0000000000000000      0x228 build/Debug/GNU_1-Linux/main.o
 COMMON         0x0000000000000000      0x200 build/Debug/GNU_1-Linux/main.o
 .text          0x0000000000000000        0x0 /opt/gcc-arm-none-eabi-7-2018-q2-update/bin/../lib/gcc/arm-none-eabi/7.3.1/../../../../arm-none-eabi/lib/thumb/v7e-m/libc.a(lib_a-reent.o)
 .data          0x0000000000000000        0x0 /opt/gcc-arm-none-eabi-7-2018-q2-update/bin/../lib/gcc/arm-none-eabi/7.3.1/../../../../arm-none-eabi/lib/thumb/v7e-m/libc.a(lib_a-reent.o)
 .bss           0x0000000000000000        0x0 /opt/gcc-arm-none-eabi-7-2018-q2-update/bin/../lib/gcc/arm-none-eabi/7.3.1/../../../../arm-none-eabi/lib/thumb/v7e-m/libc.a(lib_a-reent.o)
 .text.cleanup_glue
                0x0000000000000000       0x28 /opt/gcc-arm-none-eabi-7-2018-q2-update/bin/../lib/gcc/arm-none-eabi/7.3.1/../../../../arm-none-eabi/lib/thumb/v7e-m/libc.a(lib_a-reent.o)
 .text._reclaim_reent
                0x0000000000000000       0x88 /opt/gcc-arm-none-eabi-7-2018-q2-update/bin/../lib/gcc/arm-none-eabi/7.3.1/../../../../arm-none-eabi/lib/thumb/v7e-m/libc.a(lib_a-reent.o)
 .debug_frame   0x0000000000000000       0x68 /opt/gcc-arm-none-eabi-7-2018-q2-update/bin/../lib/gcc/arm-none-eabi/7.3.1/../../../../arm-none-eabi/lib/thumb/v7e-m/libc.a(lib_a-reent.o)
 COMMON         0x0000000000000000        0x4 /opt/gcc-arm-none-eabi-7-2018-q2-update/bin/../lib/gcc/arm-none-eabi/7.3.1/../../../../arm-none-eabi/lib/thumb/v7e-m/libc.a(lib_a-reent.o)
 .text          0x0000000000000000        0x0 /opt/gcc-arm-none-eabi-7-2018-q2-update/bin/../lib/gcc/arm-none-eabi/7.3.1/../../../../arm-none-eabi/lib/thumb/v7e-m/libc.a(lib_a-freer.o)
 .data          0x0000000000000000        0x0 /opt/gcc-arm-none-eabi-7-2018-q2-update/bin/../lib/gcc/arm-none-eabi/7.3.1/../../../../arm-none-eabi/lib/thumb/v7e-m/libc.a(lib_a-freer.o)
 .bss           0x0000000000000000        0x0 /opt/gcc-arm-none-eabi-7-2018-q2-update/bin/../lib/gcc/arm-none-eabi/7.3.1/../../../../arm-none-eabi/lib/thumb/v7e-m/libc.a(lib_a-freer.o)
 .text._malloc_trim_r
                0x0000000000000000       0xa0 /opt/gcc-arm-none-eabi-7-2018-q2-update/bin/../lib/gcc/arm-none-eabi/7.3.1/../../../../arm-none-eabi/lib/thumb/v7e-m/libc.a(lib_a-freer.o)
 .text._free_r  0x0000000000000000      0x1e8 /opt/gcc-arm-none-eabi-7-2018-q2-update/bin/../lib/gcc/arm-none-eabi/7.3.1/../../../../arm-none-eabi/lib/thumb/v7e-m/libc.a(lib_a-freer.o)
 .debug_frame   0x0000000000000000       0x80 /opt/gcc-arm-none-eabi-7-2018-q2-update/bin/../lib/gcc/arm-none-eabi/7.3.1/../../../../arm-none-eabi/lib/thumb/v7e-m/libc.a(lib_a-freer.o)
 .text          0x0000000000000000        0x0 /opt/gcc-arm-none-eabi-7-2018-q2-update/bin/../lib/gcc/arm-none-eabi/7.3.1/../../../../arm-none-eabi/lib/thumb/v7e-m/libc.a(lib_a-impure.o)
 .data          0x0000000000000000        0x0 /opt/gcc-arm-none-eabi-7-2018-q2-update/bin/../lib/gcc/arm-none-eabi/7.3.1/../../../../arm-none-eabi/lib/thumb/v7e-m/libc.a(lib_a-impure.o)
 .bss           0x0000000000000000        0x0 /opt/gcc-arm-none-eabi-7-2018-q2-update/bin/../lib/gcc/arm-none-eabi/7.3.1/../../../../arm-none-eabi/lib/thumb/v7e-m/libc.a(lib_a-impure.o)
 .data._impure_ptr
                0x0000000000000000        0x4 /opt/gcc-arm-none-eabi-7-2018-q2-update/bin/../lib/gcc/arm-none-eabi/7.3.1/../../../../arm-none-eabi/lib/thumb/v7e-m/libc.a(lib_a-impure.o)
 .data.impure_data
                0x0000000000000000      0x428 /opt/gcc-arm-none-eabi-7-2018-q2-update/bin/../lib/gcc/arm-none-eabi/7.3.1/../../../../arm-none-eabi/lib/thumb/v7e-m/libc.a(lib_a-impure.o)
 .rodata._global_impure_ptr
                0x0000000000000000        0x4 /opt/gcc-arm-none-eabi-7-2018-q2-update/bin/../lib/gcc/arm-none-eabi/7.3.1/../../../../arm-none-eabi/lib/thumb/v7e-m/libc.a(lib_a-impure.o)
 .text          0x0000000000000000        0x0 /opt/gcc-arm-none-eabi-7-2018-q2-update/bin/../lib/gcc/arm-none-eabi/7.3.1/../../../../arm-none-eabi/lib/thumb/v7e-m/libc.a(lib_a-mallocr.o)
 .data          0x0000000000000000        0x0 /opt/gcc-arm-none-eabi-7-2018-q2-update/bin/../lib/gcc/arm-none-eabi/7.3.1/../../../../arm-none-eabi/lib/thumb/v7e-m/libc.a(lib_a-mallocr.o)
 .bss           0x0000000000000000        0x0 /opt/gcc-arm-none-eabi-7-2018-q2-update/bin/../lib/gcc/arm-none-eabi/7.3.1/../../../../arm-none-eabi/lib/thumb/v7e-m/libc.a(lib_a-mallocr.o)
 .text._malloc_r
                0x0000000000000000      0x548 /opt/gcc-arm-none-eabi-7-2018-q2-update/bin/../lib/gcc/arm-none-eabi/7.3.1/../../../../arm-none-eabi/lib/thumb/v7e-m/libc.a(lib_a-mallocr.o)
 .bss.__malloc_current_mallinfo
                0x0000000000000000       0x28 /opt/gcc-arm-none-eabi-7-2018-q2-update/bin/../lib/gcc/arm-none-eabi/7.3.1/../../../../arm-none-eabi/lib/thumb/v7e-m/libc.a(lib_a-mallocr.o)
 .bss.__malloc_max_sbrked_mem
                0x0000000000000000        0x4 /opt/gcc-arm-none-eabi-7-2018-q2-update/bin/../lib/gcc/arm-none-eabi/7.3.1/../../../../arm-none-eabi/lib/thumb/v7e-m/libc.a(lib_a-mallocr.o)
 .bss.__malloc_max_total_mem
                0x0000000000000000        0x4 /opt/gcc-arm-none-eabi-7-2018-q2-update/bin/../lib/gcc/arm-none-eabi/7.3.1/../../../../arm-none-eabi/lib/thumb/v7e-m/libc.a(lib_a-mallocr.o)
 .bss.__malloc_top_pad
                0x0000000000000000        0x4 /opt/gcc-arm-none-eabi-7-2018-q2-update/bin/../lib/gcc/arm-none-eabi/7.3.1/../../../../arm-none-eabi/lib/thumb/v7e-m/libc.a(lib_a-mallocr.o)
 .data.__malloc_av_
                0x0000000000000000      0x408 /opt/gcc-arm-none-eabi-7-2018-q2-update/bin/../lib/gcc/arm-none-eabi/7.3.1/../../../../arm-none-eabi/lib/thumb/v7e-m/libc.a(lib_a-mallocr.o)
 .data.__malloc_sbrk_base
                0x0000000000000000        0x4 /opt/gcc-arm-none-eabi-7-2018-q2-update/bin/../lib/gcc/arm-none-eabi/7.3.1/../../../../arm-none-eabi/lib/thumb/v7e-m/libc.a(lib_a-mallocr.o)
 .data.__malloc_trim_threshold
                0x0000000000000000        0x4 /opt/gcc-arm-none-eabi-7-2018-q2-update/bin/../lib/gcc/arm-none-eabi/7.3.1/../../../../arm-none-eabi/lib/thumb/v7e-m/libc.a(lib_a-mallocr.o)
 .debug_frame   0x0000000000000000       0x54 /opt/gcc-arm-none-eabi-7-2018-q2-update/bin/../lib/gcc/arm-none-eabi/7.3.1/../../../../arm-none-eabi/lib/thumb/v7e-m/libc.a(lib_a-mallocr.o)
 .text          0x0000000000000000        0x0 /opt/gcc-arm-none-eabi-7-2018-q2-update/bin/../lib/gcc/arm-none-eabi/7.3.1/../../../../arm-none-eabi/lib/thumb/v7e-m/libc.a(lib_a-mlock.o)
 .data          0x0000000000000000        0x0 /opt/gcc-arm-none-eabi-7-2018-q2-update/bin/../lib/gcc/arm-none-eabi/7.3.1/../../../../arm-none-eabi/lib/thumb/v7e-m/libc.a(lib_a-mlock.o)
 .bss           0x0000000000000000        0x0 /opt/gcc-arm-none-eabi-7-2018-q2-update/bin/../lib/gcc/arm-none-eabi/7.3.1/../../../../arm-none-eabi/lib/thumb/v7e-m/libc.a(lib_a-mlock.o)
 .text.__malloc_lock
                0x0000000000000000        0xc /opt/gcc-arm-none-eabi-7-2018-q2-update/bin/../lib/gcc/arm-none-eabi/7.3.1/../../../../arm-none-eabi/lib/thumb/v7e-m/libc.a(lib_a-mlock.o)
 .text.__malloc_unlock
                0x0000000000000000        0xc /opt/gcc-arm-none-eabi-7-2018-q2-update/bin/../lib/gcc/arm-none-eabi/7.3.1/../../../../arm-none-eabi/lib/thumb/v7e-m/libc.a(lib_a-mlock.o)
 .debug_frame   0x0000000000000000       0x30 /opt/gcc-arm-none-eabi-7-2018-q2-update/bin/../lib/gcc/arm-none-eabi/7.3.1/../../../../arm-none-eabi/lib/thumb/v7e-m/libc.a(lib_a-mlock.o)
 .text          0x0000000000000000        0x0 /opt/gcc-arm-none-eabi-7-2018-q2-update/bin/../lib/gcc/arm-none-eabi/7.3.1/../../../../arm-none-eabi/lib/thumb/v7e-m/libc.a(lib_a-sbrkr.o)
 .data          0x0000000000000000        0x0 /opt/gcc-arm-none-eabi-7-2018-q2-update/bin/../lib/gcc/arm-none-eabi/7.3.1/../../../../arm-none-eabi/lib/thumb/v7e-m/libc.a(lib_a-sbrkr.o)
 .bss           0x0000000000000000        0x0 /opt/gcc-arm-none-eabi-7-2018-q2-update/bin/../lib/gcc/arm-none-eabi/7.3.1/../../../../arm-none-eabi/lib/thumb/v7e-m/libc.a(lib_a-sbrkr.o)
 .text._sbrk_r  0x0000000000000000       0x24 /opt/gcc-arm-none-eabi-7-2018-q2-update/bin/../lib/gcc/arm-none-eabi/7.3.1/../../../../arm-none-eabi/lib/thumb/v7e-m/libc.a(lib_a-sbrkr.o)
 .debug_frame   0x0000000000000000       0x2c /opt/gcc-arm-none-eabi-7-2018-q2-update/bin/../lib/gcc/arm-none-eabi/7.3.1/../../../../arm-none-eabi/lib/thumb/v7e-m/libc.a(lib_a-sbrkr.o)
 .text          0x0000000000000000        0x0 /opt/gcc-arm-none-eabi-7-2018-q2-update/bin/../lib/gcc/arm-none-eabi/7.3.1/../../../../arm-none-eabi/lib/thumb/v7e-m/libc.a(lib_a-lock.o)
 .data          0x0000000000000000        0x0 /opt/gcc-arm-none-eabi-7-2018-q2-update/bin/../lib/gcc/arm-none-eabi/7.3.1/../../../../arm-none-eabi/lib/thumb/v7e-m/libc.a(lib_a-lock.o)
 .bss           0x0000000000000000        0x0 /opt/gcc-arm-none-eabi-7-2018-q2-update/bin/../lib/gcc/arm-none-eabi/7.3.1/../../../../arm-none-eabi/lib/thumb/v7e-m/libc.a(lib_a-lock.o)
 .text.__retarget_lock_init
                0x0000000000000000        0x4 /opt/gcc-arm-none-eabi-7-2018-q2-update/bin/../lib/gcc/arm-none-eabi/7.3.1/../../../../arm-none-eabi/lib/thumb/v7e-m/libc.a(lib_a-lock.o)
 .text.__retarget_lock_init_recursive
                0x0000000000000000        0x4 /opt/gcc-arm-none-eabi-7-2018-q2-update/bin/../lib/gcc/arm-none-eabi/7.3.1/../../../../arm-none-eabi/lib/thumb/v7e-m/libc.a(lib_a-lock.o)
 .text.__retarget_lock_close
                0x0000000000000000        0x4 /opt/gcc-arm-none-eabi-7-2018-q2-update/bin/../lib/gcc/arm-none-eabi/7.3.1/../../../../arm-none-eabi/lib/thumb/v7e-m/libc.a(lib_a-lock.o)
 .text.__retarget_lock_close_recursive
                0x0000000000000000        0x4 /opt/gcc-arm-none-eabi-7-2018-q2-update/bin/../lib/gcc/arm-none-eabi/7.3.1/../../../../arm-none-eabi/lib/thumb/v7e-m/libc.a(lib_a-lock.o)
 .text.__retarget_lock_acquire
                0x0000000000000000        0x4 /opt/gcc-arm-none-eabi-7-2018-q2-update/bin/../lib/gcc/arm-none-eabi/7.3.1/../../../../arm-none-eabi/lib/thumb/v7e-m/libc.a(lib_a-lock.o)
 .text.__retarget_lock_acquire_recursive
                0x0000000000000000        0x4 /opt/gcc-arm-none-eabi-7-2018-q2-update/bin/../lib/gcc/arm-none-eabi/7.3.1/../../../../arm-none-eabi/lib/thumb/v7e-m/libc.a(lib_a-lock.o)
 .text.__retarget_lock_try_acquire
                0x0000000000000000        0x4 /opt/gcc-arm-none-eabi-7-2018-q2-update/bin/../lib/gcc/arm-none-eabi/7.3.1/../../../../arm-none-eabi/lib/thumb/v7e-m/libc.a(lib_a-lock.o)
 .text.__retarget_lock_try_acquire_recursive
                0x0000000000000000        0x4 /opt/gcc-arm-none-eabi-7-2018-q2-update/bin/../lib/gcc/arm-none-eabi/7.3.1/../../../../arm-none-eabi/lib/thumb/v7e-m/libc.a(lib_a-lock.o)
 .text.__retarget_lock_release
                0x0000000000000000        0x4 /opt/gcc-arm-none-eabi-7-2018-q2-update/bin/../lib/gcc/arm-none-eabi/7.3.1/../../../../arm-none-eabi/lib/thumb/v7e-m/libc.a(lib_a-lock.o)
 .text.__retarget_lock_release_recursive
                0x0000000000000000        0x4 /opt/gcc-arm-none-eabi-7-2018-q2-update/bin/../lib/gcc/arm-none-eabi/7.3.1/../../../../arm-none-eabi/lib/thumb/v7e-m/libc.a(lib_a-lock.o)
 .debug_frame   0x0000000000000000       0xb0 /opt/gcc-arm-none-eabi-7-2018-q2-update/bin/../lib/gcc/arm-none-eabi/7.3.1/../../../../arm-none-eabi/lib/thumb/v7e-m/libc.a(lib_a-lock.o)
 COMMON         0x0000000000000000       0x21 /opt/gcc-arm-none-eabi-7-2018-q2-update/bin/../lib/gcc/arm-none-eabi/7.3.1/../../../../arm-none-eabi/lib/thumb/v7e-m/libc.a(lib_a-lock.o)

Memory Configuration

Name             Origin             Length             Attributes
RAM1             0x0000000020000000 0x000000000001c000 xrw
RAM2             0x000000002001c000 0x0000000000004000 xrw
RAM3             0x0000000010000000 0x0000000000010000 xrw
RAM4             0x0000000040024000 0x0000000000001000 xrw
RAM5             0x0000000068000000 0x0000000000000000 xrw
ROM              0x0000000008000000 0x0000000000100000 xr
*default*        0x0000000000000000 0xffffffffffffffff

Linker script and memory map

LOAD build/Debug/GNU_1-Linux/Source/ecu_base.o
LOAD build/Debug/GNU_1-Linux/Source/ecu_capture.o
LOAD build/Debug/GNU_1-Linux/Source/ecu_compare.o
LOAD build/Debug/GNU_1-Linux/Source/ecu_maths.o
LOAD build/Debug/GNU_1-Linux/Source/ecu_sync.o
LOAD build/Debug/GNU_1-Linux/Source/newlib_stubs.o
LOAD build/Debug/GNU_1-Linux/Source/timer_ch_it.o
LOAD build/Debug/GNU_1-Linux/main.o
                0x0000000010010000                _estack = (ORIGIN (RAM3) + LENGTH (RAM3))
                0x000000002001bffc                _heap_end = ((ORIGIN (RAM1) + LENGTH (RAM1)) - 0x4)

.text           0x0000000008000000        0x0
                0x0000000008000000                . = ALIGN (0x4)
 *(.isr_vector)
                0x0000000008000000                . = ALIGN (0x4)
 *(.text .text.*)
 *(.init)
 *(.fini)
 *(.gnu.linkonce.t.*)
 *(.glue_7)
 .glue_7        0x0000000008000000        0x0 linker stubs
 *(.glue_7t)
 .glue_7t       0x0000000008000000        0x0 linker stubs
 *(.vfp11_veneer)
 .vfp11_veneer  0x0000000008000000        0x0 linker stubs
 *(.janus_2cc_veneer)
 *(.v4_bx)
 .v4_bx         0x0000000008000000        0x0 linker stubs
 *(.gcc_except_table)
 *(.rodata .rodata.*)
 *(vtable)
 *(.ioview .ioview.*)
 *(.gnu.linkonce.r.*)
 *(.ARM.extab* .gnu.linkonce.armextab.*)
                0x0000000008000000                . = ALIGN (0x4)

.ctors          0x0000000008000000        0x0
                [!provide]                        PROVIDE (__ctors_start__ = .)
 *(SORT_BY_NAME(.ctors.*))
 *(.ctors)
                0x0000000008000000                . = ALIGN (0x4)
                [!provide]                        PROVIDE (__ctors_end__ = .)
                0x0000000008000000                . = ALIGN (0x4)

.dtors          0x0000000008000000        0x0
                [!provide]                        PROVIDE (__dtors_start__ = .)
 *(SORT_BY_NAME(.dtors.*))
 *(.dtors)
                0x0000000008000000                . = ALIGN (0x4)
                [!provide]                        PROVIDE (__dtors_end__ = .)
                0x0000000008000000                . = ALIGN (0x4)
                0x0000000008000000                . = ALIGN (0x4)

.eh_frame_hdr
 *(.eh_frame_hdr)

.eh_frame
 *(.eh_frame)
                [!provide]                        PROVIDE (__exidx_start = .)

.ARM.exidx
 *(.ARM.exidx* .gnu.linkonce.armexidx.*)
                [!provide]                        PROVIDE (__exidx_end = .)
                0x0000000008000000                . = ALIGN (0x4)
                0x0000000008000000                _etext = .
                [!provide]                        PROVIDE (etext = .)
                0x0000000008000000                _sidata = _etext

.data           0x0000000020000000        0x0 load address 0x0000000008000000
                0x0000000020000000                . = ALIGN (0x4)
                0x0000000020000000                _sdata = .
                0x0000000020000000                _data = .
 *(.data .data.*)
 *(.gnu.linkonce.d*)
                0x0000000020000000                . = ALIGN (0x4)
                [!provide]                        PROVIDE (__preinit_array_start = .)
 *(.preinit_array)
                [!provide]                        PROVIDE (__preinit_array_end = .)
                0x0000000020000000                . = ALIGN (0x4)
                [!provide]                        PROVIDE (__init_array_start = .)
 *(SORT_BY_NAME(.init_array.*))
 *(.init_array)
                [!provide]                        PROVIDE (__init_array_end = .)
                0x0000000020000000                . = ALIGN (0x4)
                [!provide]                        PROVIDE (__fini_array_start = .)
 *(SORT_BY_NAME(.fini_array.*))
 *(.fini_array)
                [!provide]                        PROVIDE (__fini_array_end = .)
 *(.jcr*)
                0x0000000020000000                . = ALIGN (0x4)
 *(.ramfunc*)
                0x0000000020000000                . = ALIGN (0x4)
 *(.RAMtext)
                0x0000000020000000                . = ALIGN (0x4)
                0x0000000020000000                _edata = .

.bss            0x0000000020000000        0x0
                0x0000000020000000                . = ALIGN (0x4)
                0x0000000020000000                _sbss = .
                0x0000000020000000                __bss_start = .
                0x0000000020000000                __bss_start__ = .
 *(.bss .bss.*)
 *(.gnu.linkonce.b*)
 *(COMMON)
                0x0000000020000000                . = ALIGN (0x4)
                0x0000000020000000                _ebss = .
                0x0000000020000000                __bss_end__ = _end
                [!provide]                        PROVIDE (__bss_end = _end)

.heap           0x0000000020000000        0x0
                0x0000000020000000                _end = .
                0x0000000020000000                end = _end
                [!provide]                        PROVIDE (_end = .)
                [!provide]                        PROVIDE (end = _end)
                [!provide]                        PROVIDE (_heap = .)
 *(.heap .heap.*)
 *(.HEAP)
                0x0000000020000000                . = ALIGN (0x4)
                0x0000000020000000                . = ALIGN (0x4)
                0x000000002001bffc                __heap_end = _heap_end
                [!provide]                        PROVIDE (__heap_end = _heap_end)

.dmaram         0x000000002001c000        0x0
                0x000000002001c000                _dmaram = .
                0x000000002001c000                dmaram = .
                [!provide]                        PROVIDE (dmaram = .)
                [!provide]                        PROVIDE (_dmaram = .)
 *(.dmaram .dmaram.*)
 *(.DMARAM)
                0x000000002001c000                . = ALIGN (0x4)

.ccram          0x0000000010000000        0x0
                0x0000000010000000                _ccram_top = .
                [!provide]                        PROVIDE (_ccram_top = .)
 *(.ccram .ccram.*)
 *(.CCRAM)
                0x0000000010000000                _ccram = .
                [!provide]                        PROVIDE (_ccram = .)
                0x0000000010000000                . = ALIGN (0x4)

.stack          0x0000000010000000        0x0
                0x0000000010000000                _stack_top = .
                [!provide]                        PROVIDE (_stack_top = .)
 *(.stack .stack.*)
 *(.STACK)
                0x0000000010000000                _stack = .
                [!provide]                        PROVIDE (_stack = .)
                0x0000000010000000                . = ALIGN (0x8)
                0x0000000010010000                _stack_end = _estack
                [!provide]                        PROVIDE (_stack_end = _estack)

.batram         0x0000000040024000        0x0
                0x0000000040024000                _batram = .
                0x0000000040024000                batram = .
                [!provide]                        PROVIDE (batram = .)
                [!provide]                        PROVIDE (_batram = .)
 *(.batram .batram.*)
 *(.BATRAM)
                0x0000000040024000                . = ALIGN (0x4)

.extram         0x0000000068000000        0x0
                0x0000000068000000                _extram = .
                0x0000000068000000                extram = .
                [!provide]                        PROVIDE (extram = .)
                [!provide]                        PROVIDE (_extram = .)
 *(.extram .extram.*)
 *(.EXTRAM)
                0x0000000068000000                . = ALIGN (0x4)

/DISCARD/
 libc.a(*)
 libm.a(*)
 libgcc.a(*)
 *(.note.GNU-stack)
 *(.gnu.lto*)

.stab
 *(.stab)

.stabstr
 *(.stabstr)

.stab.excl
 *(.stab.excl)

.stab.exclstr
 *(.stab.exclstr)

.stab.index
 *(.stab.index)

.stab.indexstr
 *(.stab.indexstr)

.comment
 *(.comment)

.debug
 *(.debug)

.line
 *(.line)

.debug_srcinfo
 *(.debug_srcinfo)

.debug_sfnames
 *(.debug_sfnames)

.debug_aranges
 *(.debug_aranges)

.debug_pubnames
 *(.debug_pubnames)

.debug_info
 *(.debug_info .gnu.linkonce.wi.*)

.debug_abbrev
 *(.debug_abbrev)

.debug_line
 *(.debug_line)

.debug_frame
 *(.debug_frame)

.debug_str
 *(.debug_str)

.debug_loc
 *(.debug_loc)

.debug_macinfo
 *(.debug_macinfo)

.debug_weaknames
 *(.debug_weaknames)

.debug_funcnames
 *(.debug_funcnames)

.debug_typenames
 *(.debug_typenames)

.debug_varnames
 *(.debug_varnames)

.note.gnu.arm.ident
 *(.note.gnu.arm.ident)

.ARM.attributes
                0x0000000000000000       0x33
 *(.ARM.attributes)
 .ARM.attributes
                0x0000000000000000       0x33 build/Debug/GNU_1-Linux/Source/ecu_base.o
 .ARM.attributes
                0x0000000000000033       0x33 build/Debug/GNU_1-Linux/Source/ecu_capture.o
 .ARM.attributes
                0x0000000000000066       0x33 build/Debug/GNU_1-Linux/Source/ecu_compare.o
 .ARM.attributes
                0x0000000000000099       0x33 build/Debug/GNU_1-Linux/Source/ecu_maths.o
 .ARM.attributes
                0x00000000000000cc       0x33 build/Debug/GNU_1-Linux/Source/ecu_sync.o
 .ARM.attributes
                0x00000000000000ff       0x33 build/Debug/GNU_1-Linux/Source/newlib_stubs.o
 .ARM.attributes
                0x0000000000000132       0x33 build/Debug/GNU_1-Linux/Source/timer_ch_it.o
 .ARM.attributes
                0x0000000000000165       0x33 build/Debug/GNU_1-Linux/main.o
OUTPUT(dist/Debug/GNU_1-Linux/stm32f4_ecu elf32-littlearm)
